---
source: tests/render_snapshot.rs
assertion_line: 47
expression: out
---
|       |       |       |       |       |       |    |       |       |       |       |       |       |
|       |Q      |W      |E      |R      |T      |    |       |       |       |       |       |       |
|LSFT   |A      |S      |D      |F      |G      |    |       |       |       |       |       |       |
|       |       |Z      |X      |C      |V      |    |       |       |       |       |       |       |

                                 |       |    |       |
                                 |       |    |       |
