---
source: tests/render_snapshot.rs
assertion_line: 41
expression: out
---
|       |RTOG   |TOGGLE…|RMOD   |RVAD   |RVAI   |    |TRNS   |TRNS   |TRNS   |TRNS   |TRNS   |BOOT   |
|TRNS   |TRNS   |VOLD   |VOLU   |MUTE   |RGB_SLD|    |PGUP   |HOME   |UP     |END    |TRNS   |TRNS   |
|TRNS   |MPRV   |MNXT   |MSTP   |MPLY   |TRNS   |    |PGDN   |LEFT   |DOWN   |RGHT   |TRNS   |TRNS   |
|TRNS   |TRNS   |TRNS   |RGB    |RGB    |RGB    |    |TRNS   |LC+LS(…|LC(TAB)|TRNS   |TRNS   |TRNS   |

                                 |TRNS   |    |       |
                                 |       |    |TRNS   |
