---
source: tests/render_snapshot.rs
expression: out
---
|LT(Brd…|KC_1   |KC_2   |KC_3   |KC_4   |KC_5   |    |KC_6   |KC_7   |KC_8   |KC_9   |KC_0   |KC_SLA…|
|LGUI   |KC_QUO…|KC_COM…|KC_DOT |KC_P   |KC_Y   |    |KC_F   |KC_G   |KC_C   |KC_R   |KC_L   |KC_BSLS|
|/LSFT  |KC_A   |KC_O   |KC_E   |KC_U   |KC_I   |    |KC_D   |KC_H   |KC_T   |KC_N   |KC_S   |KC_MIN…|
|/LCTL  |KC_SCLN|KC_Q   |KC_J   |KC_K   |KC_X   |    |KC_B   |KC_M   |KC_W   |KC_V   |KC_Z   |KC_EQU…|

                                 |KC_SPC |    |LALT_T…|
                                 |KC_CAPS|    |LT(Sym…|
