---
source: tests/render_snapshot.rs
assertion_line: 29
expression: out
---
Left:
┌─────────────┬───┬───┬───┬───┬───┐
│ DEL/Brd+Sys │ 1 │ 2 │ 3 │ 4 │ 5 │
├─────────────┼───┼───┼───┼───┼───┤
│    LGUI     │ ' │ , │ . │ P │ Y │
├─────────────┼───┼───┼───┼───┼───┤
│    /Sft     │ A │ O │ E │ U │ I │
├─────────────┼───┼───┼───┼───┼───┤
│    /Ctl     │ ; │ Q │ J │ K │ X │
└─────────────┴───┴───┴───┴───┴───┘
                    ┌───────┬─────┐
                    │ CAPS  │ SPC │
                    └───────┴─────┘

Right:
┌───┬───┬───┬───┬───┬───┐
│ 6 │ 7 │ 8 │ 9 │ 0 │ / │
├───┼───┼───┼───┼───┼───┤
│ F │ G │ C │ R │ L │ \ │
├───┼───┼───┼───┼───┼───┤
│ D │ H │ T │ N │ S │ - │
├───┼───┼───┼───┼───┼───┤
│ B │ M │ W │ V │ Z │ = │
└───┴───┴───┴───┴───┴───┘
┌─────────┬──────────────┐
│ ENT/Alt │ BSPC/Sym+Num │
└─────────┴──────────────┘

X/Mod = tap X, hold Mod    X/Layer = tap X, hold layer
