---
source: tests/render_snapshot.rs
assertion_line: 35
expression: out
---
|TAB    |F1     |F2     |F3     |F4     |F5     |    |F6     |F7     |F8     |F9     |F10    |F11    |
|       |EXLM   |AT     |HASH   |DLR    |PERC   |    |7      |8      |9      |MINS   |LBRC   |RBRC   |
|TRNS   |CIRC   |AMPR   |ASTR   |LPRN   |RPRN   |    |4      |5      |6      |PLUS   |UP     |BSPC   |
|TRNS   |COLN   |LBRC   |RBRC   |LCBR   |RCBR   |    |1      |2      |3      |LEFT   |/DOWN  |RGHT   |

                                 |TRNS   |    |TRNS   |
                                 |       |    |       |
