---
source: tests/render_snapshot.rs
assertion_line: 41
expression: out
---
Left:
┌──────┬──────┬────────────────────┬──────┬──────┬─────────┐
│      │ RTOG │ TOGGLE_LAYER_COLOR │ RMOD │ RVAD │  RVAI   │
├──────┼──────┼────────────────────┼──────┼──────┼─────────┤
│ TRNS │ TRNS │        VOLD        │ VOLU │ MUTE │ RGB_SLD │
├──────┼──────┼────────────────────┼──────┼──────┼─────────┤
│ TRNS │ MPRV │        MNXT        │ MSTP │ MPLY │  TRNS   │
├──────┼──────┼────────────────────┼──────┼──────┼─────────┤
│ TRNS │ TRNS │        TRNS        │ RGB  │ RGB  │   RGB   │
└──────┴──────┴────────────────────┴──────┴──────┴─────────┘
                                           ┌────────┬──────┐
                                           │        │ TRNS │
                                           └────────┴──────┘

Right:
┌──────┬──────────────┬──────────┬──────┬──────┬──────┐
│ TRNS │     TRNS     │   TRNS   │ TRNS │ TRNS │ BOOT │
├──────┼──────────────┼──────────┼──────┼──────┼──────┤
│ PGUP │     HOME     │    UP    │ END  │ TRNS │ TRNS │
├──────┼──────────────┼──────────┼──────┼──────┼──────┤
│ PGDN │     LEFT     │   DOWN   │ RGHT │ TRNS │ TRNS │
├──────┼──────────────┼──────────┼──────┼──────┼──────┤
│ TRNS │ Ctl+Sft(TAB) │ Ctl(TAB) │ TRNS │ TRNS │ TRNS │
└──────┴──────────────┴──────────┴──────┴──────┴──────┘
┌─────┬───────┐
│     │ TRNS  │
└─────┴───────┘

X/Mod = tap X, hold Mod    X/Layer = tap X, hold layer
