---
source: tests/render_snapshot.rs
assertion_line: 47
expression: out
---
Left:
┌──────┬───┬───┬───┬───┬───┐
│      │   │   │   │   │   │
├──────┼───┼───┼───┼───┼───┤
│      │ Q │ W │ E │ R │ T │
├──────┼───┼───┼───┼───┼───┤
│ LSFT │ A │ S │ D │ F │ G │
├──────┼───┼───┼───┼───┼───┤
│      │   │ Z │ X │ C │ V │
└──────┴───┴───┴───┴───┴───┘
             ┌───────┬─────┐
             │       │     │
             └───────┴─────┘

Right:
┌───┬───┬───┬───┬───┬───┐
│   │   │   │   │   │   │
├───┼───┼───┼───┼───┼───┤
│   │   │   │   │   │   │
├───┼───┼───┼───┼───┼───┤
│   │   │   │   │   │   │
├───┼───┼───┼───┼───┼───┤
│   │   │   │   │   │   │
└───┴───┴───┴───┴───┴───┘
┌─────┬───────┐
│     │       │
└─────┴───────┘

X/Mod = tap X, hold Mod    X/Layer = tap X, hold layer
